C51 COMPILER V9.60.0.0   MAIN                                                              04/13/2021 17:25:38 PAGE 1   


C51 COMPILER V9.60.0.0, COMPILATION OF MODULE MAIN
OBJECT MODULE PLACED IN .\Objects\main.obj
COMPILER INVOKED BY: D:\Programs\Keil_v5\C51\BIN\C51.EXE main.c OMF2 OPTIMIZE(8,SPEED) BROWSE DEBUG PRINT(.\Listings\mai
                    -n.lst) TABS(2) OBJECT(.\Objects\main.obj)

line level    source

   1          // Keyboard
   2          #include <REGX52.H>
   3          #define DELAY_VALUE 35
   4          #define ESC 0x1B
   5          
   6          unsigned char bdata Key;
   7          sbit K1 = Key^1;
   8          sbit K2 = Key^2;
   9          sbit K3 = Key^3;
  10          
  11          void delay(void)
  12          {
  13   1        unsigned char data x, y;
  14   1        for (x = 0; x < DELAY_VALUE; x++) { for (y = 0; y < DELAY_VALUE; y++) {;} }
  15   1      }
  16          
  17          void ISR_Serial(void) interrupt 4
  18          {
  19   1        if (RI == 1)
  20   1        {
  21   2          if (SBUF == ESC)
  22   2          {
  23   3            P0_0 = 0;
  24   3            delay();
  25   3            P0_0 = 1;
  26   3      
  27   3            RI = 0;
  28   3          }
  29   2        }
  30   1      }
  31          
  32          unsigned char Find(unsigned char Value)
  33          {
  34   1        unsigned char code ScanCode[] = { 0x7B, 0xE7, 0xEB, 0xED, 0xD7, 0xDB, 0xDD, 0xB7, 0xBB, 0xBD, 0x77, 0x7D
             - };
  35   1        unsigned char data ReturnValue = 0x00;
  36   1        unsigned char data i = 0x00;
  37   1        
  38   1        while (Value != ScanCode[i]) { i++; }
  39   1        ReturnValue = '0' + i;
  40   1        if (i == 0x0A) { ReturnValue = '*'; }
  41   1        if (i == 0x0B) { ReturnValue = '#'; }
  42   1        
  43   1        return ReturnValue;
  44   1      }
  45          
  46          void Send(unsigned char Value)
  47          {
  48   1        P3_4 = 1;
  49   1          TI = 0;
  50   1            SBUF = Value;
  51   1            while (TI == 0) {;}
  52   1          TI = 0;
  53   1        P3_4 = 0;
C51 COMPILER V9.60.0.0   MAIN                                                              04/13/2021 17:25:38 PAGE 2   

  54   1      }
  55          
  56          void Init(void)
  57          {
  58   1        // Listen to Serial Channel
  59   1        P3_4 = 0;
  60   1        // Timer 2
  61   1        T2CON = 0x30; // Read/Write
  62   1        TL2 = RCAP2L = 0xDC;
  63   1        TH2 = RCAP2H = 0xFF;
  64   1        TR2 = 1; // Enable
  65   1        // Serial Channel
  66   1        SCON = 0x50;
  67   1        // Interrupt 4 | Serial Rcv./Xmit.
  68   1        ES  = 1;
  69   1        // Enable IS
  70   1        EA  = 1;
  71   1      }
  72          
  73          void main(void)
  74          {
  75   1        unsigned char code RunningZero[] = { 0x7F, 0xBF, 0xDF, 0xEF };
  76   1        unsigned char data i = 0x00;
  77   1        bit Enable = 1;
  78   1        
  79   1        Init();
  80   1        for (;;)
  81   1        {
  82   2          P2 = RunningZero[i];
  83   2          Key = P2;
  84   2          
  85   2          if ((K1 & K2 & K3) == 0)
  86   2          {
  87   3            if (Enable == 1)
  88   3            {
  89   4              P0_0 = 0;
  90   4              Send(Find(Key));
  91   4              delay();
  92   4              P0_0 = 1;
  93   4              Enable = 0;
  94   4            }
  95   3          }
  96   2          else
  97   2          {
  98   3            if (i < 3) { i++; } else { i = 0; }
  99   3            Enable = 1;
 100   3          }
 101   2        }
 102   1      }


MODULE INFORMATION:   STATIC OVERLAYABLE
   CODE SIZE        =    219    ----
   CONSTANT SIZE    =     16    ----
   XDATA SIZE       =   ----    ----
   PDATA SIZE       =   ----    ----
   DATA SIZE        =      1    ----
   IDATA SIZE       =   ----    ----
   BIT SIZE         =   ----       1
   EDATA SIZE       =   ----    ----
   HDATA SIZE       =   ----    ----
   XDATA CONST SIZE =   ----    ----
C51 COMPILER V9.60.0.0   MAIN                                                              04/13/2021 17:25:38 PAGE 3   

   FAR CONST SIZE   =   ----    ----
END OF MODULE INFORMATION.


C51 COMPILATION COMPLETE.  0 WARNING(S),  0 ERROR(S)
